// Jest Snapshot v1, https://goo.gl/fbAQLP

exports[`actions send basic 1`] = `undefined`;

exports[`actions send currentRecord.data 1`] = `
{
  "username": "testname",
}
`;

exports[`actions send currentUser with association data 1`] = `
{
  "a": [
    "member",
    "root",
    "admin",
  ],
  "b": [
    "{{t("Member")}}",
    "{{t("Root")}}",
    "{{t("Admin")}}",
  ],
  "c": [
    1,
    1,
    1,
  ],
}
`;
