// Vitest Snapshot v1, https://vitest.dev/guide/snapshot.html

exports[`Password > should works with checkStrength 1`] = `
<div>
  <div
    class="ant-formily-item ant-formily-item-layout-horizontal ant-formily-item-feedback-layout-loose ant-formily-item-label-align-right ant-formily-item-control-align-left"
  >
    <div
      class="ant-formily-item-label"
    >
      <div
        class="ant-formily-item-label-content"
      >
        <span>
          <label>
            Editable
          </label>
        </span>
      </div>
      <span
        class="ant-formily-item-colon"
      >
        :
      </span>
    </div>
    <div
      class="ant-formily-item-control"
    >
      <div
        class="ant-formily-item-control-content"
      >
        <div
          class="ant-formily-item-control-content-component"
        >
          <span>
            <span
              class="ant-input-affix-wrapper ant-input-password"
            >
              <input
                class="ant-input"
                type="password"
                value="123456"
              />
              <span
                class="ant-input-suffix"
              >
                <span
                  aria-label="eye-invisible"
                  class="anticon anticon-eye-invisible ant-input-password-icon"
                  role="img"
                  tabindex="-1"
                >
                  <svg
                    aria-hidden="true"
                    data-icon="eye-invisible"
                    fill="currentColor"
                    focusable="false"
                    height="1em"
                    viewBox="64 64 896 896"
                    width="1em"
                  >
                    <path
                      d="M942.2 486.2Q889.47 375.11 816.7 305l-50.88 50.88C807.31 395.53 843.45 447.4 874.7 512 791.5 684.2 673.4 766 512 766q-72.67 0-133.87-22.38L323 798.75Q408 838 512 838q288.3 0 430.2-300.3a60.29 60.29 0 000-51.5zm-63.57-320.64L836 122.88a8 8 0 00-11.32 0L715.31 232.2Q624.86 186 512 186q-288.3 0-430.2 300.3a60.3 60.3 0 000 51.5q56.69 119.4 136.5 191.41L112.48 835a8 8 0 000 11.31L155.17 889a8 8 0 0011.31 0l712.15-712.12a8 8 0 000-11.32zM149.3 512C232.6 339.8 350.7 258 512 258c54.54 0 104.13 9.36 149.12 28.39l-70.3 70.3a176 176 0 00-238.13 238.13l-83.42 83.42C223.1 637.49 183.3 582.28 149.3 512zm246.7 0a112.11 112.11 0 01146.2-106.69L401.31 546.2A112 112 0 01396 512z"
                    />
                    <path
                      d="M508 624c-3.46 0-6.87-.16-10.25-.47l-52.82 52.82a176.09 176.09 0 00227.42-227.42l-52.82 52.82c.31 3.38.47 6.79.47 10.25a111.94 111.94 0 01-112 112z"
                    />
                  </svg>
                </span>
              </span>
            </span>
            <div
              style="background: rgb(224, 224, 224); margin-bottom: 3px; position: relative;"
            >
              <div
                style="position: absolute; z-index: 1; height: 8px; top: 0px; background: rgb(255, 255, 255); width: 1px; transform: translate(-50%, 0); left: 20%;"
              />
              <div
                style="position: absolute; z-index: 1; height: 8px; top: 0px; background: rgb(255, 255, 255); width: 1px; transform: translate(-50%, 0); left: 40%;"
              />
              <div
                style="position: absolute; z-index: 1; height: 8px; top: 0px; background: rgb(255, 255, 255); width: 1px; transform: translate(-50%, 0); left: 60%;"
              />
              <div
                style="position: absolute; z-index: 1; height: 8px; top: 0px; background: rgb(255, 255, 255); width: 1px; transform: translate(-50%, 0); left: 80%;"
              />
              <div
                style="position: relative; transition: all 0.35s ease-in-out; height: 8px; width: 100%; margin-top: 5px; clip-path: polygon(0 0,20% 0,20% 100%,0 100%);"
              />
            </div>
          </span>
        </div>
      </div>
    </div>
  </div>
  <div
    class="ant-formily-item ant-formily-item-layout-horizontal ant-formily-item-feedback-layout-loose ant-formily-item-label-align-right ant-formily-item-control-align-left"
  >
    <div
      class="ant-formily-item-label"
    >
      <div
        class="ant-formily-item-label-content"
      >
        <span>
          <label>
            Read pretty
          </label>
        </span>
      </div>
      <span
        class="ant-formily-item-colon"
      >
        :
      </span>
    </div>
    <div
      class="ant-formily-item-control"
    >
      <div
        class="ant-formily-item-control-content"
      >
        <div
          class="ant-formily-item-control-content-component"
        >
          <div>
            ********
          </div>
        </div>
      </div>
    </div>
  </div>
</div>
`;
